// Jest Snapshot v1, https://goo.gl/fbAQLP

exports[`Render CheckBox 1`] = `
<div>
  <input
    class="sc-bdVaJa kaXySp"
    type="checkbox"
  />
  <label>
    no
  </label>
</div>
`;
